// Jest Snapshot v1, https://goo.gl/fbAQLP

exports[`Should render and match the snapshot 1`] = `
<div
  class="sc-AxjAm hKRLKC"
>
  <div
    class="sc-AxirZ iDpydy"
  >
    <div>
      Score
       
      50
      %
    </div>
    <div>
      Max score
       
      95
      %
    </div>
  </div>
  <div
    class="sc-AxiKw rvBmE"
  >
    <div
      class="sc-AxhCb cqIkFp"
      data-testid="bar"
      style="z-index: 4; background-color: black;"
    />
    <div
      class="sc-AxhCb fOyzjN"
      data-testid="bar"
      style="z-index: 3; background-color: rgb(113, 113, 113);"
    />
    <div
      class="sc-AxhCb jdpbIk"
      data-testid="bar"
      style="z-index: 2; background-color: rgb(210, 210, 210);"
    />
  </div>
</div>
`;
